{"sessionId": "ffbdb6", "location": "common.py:get_user_id_from_request", "message": "Auth header check", "data": {"path": "/clarify/once-stream", "has_authorization": true, "starts_with_bearer": true, "auth_value_len": 941}, "timestamp": 1772297585411.3892, "hypothesisId": "A"}
{"sessionId": "ffbdb6", "location": "common.py:get_user_id_from_request", "message": "Auth header check", "data": {"path": "/clarify/once-stream", "has_authorization": true, "starts_with_bearer": true, "auth_value_len": 941}, "timestamp": 1772297912130.2307, "hypothesisId": "A"}
{"sessionId": "ffbdb6", "location": "common.py:get_user_id_from_request", "message": "Auth header check", "data": {"path": "/clarify/once-stream", "has_authorization": true, "starts_with_bearer": true, "auth_value_len": 941}, "timestamp": 1772297932410.7964, "hypothesisId": "A"}
{"sessionId": "ffbdb6", "location": "common.py:get_user_id_from_request", "message": "Auth header check", "data": {"path": "/clarify/step-by-step-stream", "has_authorization": true, "starts_with_bearer": true, "auth_value_len": 941}, "timestamp": 1772297986515.1516, "hypothesisId": "A"}
{"sessionId": "ffbdb6", "location": "common.py:get_user_id_from_request", "message": "Auth header check", "data": {"path": "/clarify/step-by-step-stream", "has_authorization": true, "starts_with_bearer": true, "auth_value_len": 941}, "timestamp": 1772298020363.044, "hypothesisId": "A"}
{"sessionId": "ffbdb6", "location": "common.py:get_user_id_from_request", "message": "Auth header check", "data": {"path": "/clarify/step-by-step-stream", "has_authorization": true, "starts_with_bearer": true, "auth_value_len": 941}, "timestamp": 1772298103807.6206, "hypothesisId": "A"}
{"sessionId": "ffbdb6", "location": "common.py:get_user_id_from_request", "message": "Auth header check", "data": {"path": "/clarify/once-stream", "has_authorization": false, "starts_with_bearer": false, "auth_value_len": 0}, "timestamp": 1772299597344.1372, "hypothesisId": "A"}
{"sessionId": "ffbdb6", "location": "common.py:get_user_id_from_request", "message": "Auth header check", "data": {"path": "/solve-problem/upload", "has_authorization": true, "starts_with_bearer": true, "auth_value_len": 941}, "timestamp": 1772299704012.3896, "hypothesisId": "A"}
{"sessionId": "ffbdb6", "location": "common.py:get_user_id_from_request", "message": "Auth header check", "data": {"path": "/solve-problem/stream", "has_authorization": true, "starts_with_bearer": true, "auth_value_len": 941}, "timestamp": 1772299733813.6145, "hypothesisId": "A"}
{"sessionId": "ffbdb6", "location": "common.py:get_user_id_from_request", "message": "Auth header check", "data": {"path": "/solve-problem/stream", "has_authorization": true, "starts_with_bearer": true, "auth_value_len": 941}, "timestamp": 1772299757486.619, "hypothesisId": "A"}
{"sessionId": "ffbdb6", "location": "common.py:get_user_id_from_request", "message": "Auth header check", "data": {"path": "/solve-problem/stream", "has_authorization": true, "starts_with_bearer": true, "auth_value_len": 941}, "timestamp": 1772299792907.435, "hypothesisId": "A"}
{"sessionId": "ffbdb6", "location": "common.py:get_user_id_from_request", "message": "Auth header check", "data": {"path": "/solve-problem/stream", "has_authorization": true, "starts_with_bearer": true, "auth_value_len": 941}, "timestamp": 1772299808261.191, "hypothesisId": "A"}
{"sessionId": "ffbdb6", "location": "common.py:get_user_id_from_request", "message": "Auth header check", "data": {"path": "/solve-problem/stream", "has_authorization": true, "starts_with_bearer": true, "auth_value_len": 941}, "timestamp": 1772299823474.414, "hypothesisId": "A"}
{"sessionId": "ffbdb6", "location": "common.py:get_user_id_from_request", "message": "Auth header check", "data": {"path": "/solve-problem/stream", "has_authorization": true, "starts_with_bearer": true, "auth_value_len": 941}, "timestamp": 1772299904172.5073, "hypothesisId": "A"}
{"sessionId": "ffbdb6", "location": "common.py:get_user_id_from_request", "message": "Auth header check", "data": {"path": "/clarify/once-stream", "has_authorization": true, "starts_with_bearer": true, "auth_value_len": 941}, "timestamp": 1772300279121.621, "hypothesisId": "A"}
{"sessionId": "ffbdb6", "location": "common.py:get_user_id_from_request", "message": "Auth header check", "data": {"path": "/clarify/once-stream", "has_authorization": true, "starts_with_bearer": true, "auth_value_len": 941}, "timestamp": 1772300291291.4243, "hypothesisId": "A"}
{"sessionId": "ffbdb6", "location": "common.py:get_user_id_from_request", "message": "Auth header check", "data": {"path": "/solve-problem/upload", "has_authorization": true, "starts_with_bearer": true, "auth_value_len": 941}, "timestamp": 1772446611780.8455, "hypothesisId": "A"}
{"sessionId": "ffbdb6", "location": "common.py:get_user_id_from_request", "message": "Auth header check", "data": {"path": "/solve-problem/upload", "has_authorization": true, "starts_with_bearer": true, "auth_value_len": 941}, "timestamp": 1772446641559.4248, "hypothesisId": "A"}
{"sessionId": "ffbdb6", "location": "common.py:get_user_id_from_request", "message": "Auth header check", "data": {"path": "/solve-problem/stream", "has_authorization": true, "starts_with_bearer": true, "auth_value_len": 941}, "timestamp": 1772446667487.41, "hypothesisId": "A"}
{"sessionId": "ffbdb6", "location": "common.py:get_user_id_from_request", "message": "Auth header check", "data": {"path": "/solve-problem/stream", "has_authorization": true, "starts_with_bearer": true, "auth_value_len": 941}, "timestamp": 1772446682836.3948, "hypothesisId": "A"}
{"sessionId": "ffbdb6", "location": "common.py:get_user_id_from_request", "message": "Auth header check", "data": {"path": "/solve-problem/stream", "has_authorization": true, "starts_with_bearer": true, "auth_value_len": 941}, "timestamp": 1772446702538.5132, "hypothesisId": "A"}
{"sessionId": "ffbdb6", "location": "common.py:get_user_id_from_request", "message": "Auth header check", "data": {"path": "/solve-problem/stream", "has_authorization": true, "starts_with_bearer": true, "auth_value_len": 941}, "timestamp": 1772446727753.9758, "hypothesisId": "A"}
{"sessionId": "ffbdb6", "location": "common.py:get_user_id_from_request", "message": "Auth header check", "data": {"path": "/solve-problem/stream", "has_authorization": true, "starts_with_bearer": true, "auth_value_len": 941}, "timestamp": 1772446741729.132, "hypothesisId": "A"}
{"sessionId": "ffbdb6", "location": "common.py:get_user_id_from_request", "message": "Auth header check", "data": {"path": "/clarify/once-stream", "has_authorization": true, "starts_with_bearer": true, "auth_value_len": 941}, "timestamp": 1772447127202.8918, "hypothesisId": "A"}
